export const snapshot = {};

snapshot[`note detection 1`] = `
{
  a: {
    dir: [
      "maths",
    ],
    files: {
      md: "maths/a.note.md",
    },
    name: "a",
    type: "Markdown",
  },
  b: {
    dir: [
      "maths",
    ],
    files: {
      md: "maths/b.note.md",
    },
    name: "b",
    type: "Markdown",
  },
  c: {
    dir: [],
    files: {
      pdf: "c.note.pdf",
      typ: "c.note.typ",
    },
    name: "c",
    type: "Typst PDF",
  },
}
`;
